<?xml version="1.0" encoding="utf-8"?><testsuites name="pytest tests"><testsuite name="pytest" errors="0" failures="0" skipped="0" tests="54" time="0.306" timestamp="2026-06-13T08:24:43.774753+00:00" hostname="b9303f55921a"><testcase classname="tests.test_dedup.TestSemanticDedup" name="test_single_article_passthrough" time="0.001" /><testcase classname="tests.test_dedup.TestSemanticDedup" name="test_returns_deduped_list_on_llm_success" time="0.001" /><testcase classname="tests.test_dedup.TestSemanticDedup" name="test_fallback_on_llm_error" time="0.001" /><testcase classname="tests.test_dedup.TestSemanticDedup" name="test_fallback_on_empty_result" time="0.001" /><testcase classname="tests.test_digest_assembler.TestAssembleDigest" name="test_empty_articles_returns_empty_string" time="0.001" /><testcase classname="tests.test_digest_assembler.TestAssembleDigest" name="test_single_article_no_bullets" time="0.000" /><testcase classname="tests.test_digest_assembler.TestAssembleDigest" name="test_article_with_bullets_and_briefing" time="0.000" /><testcase classname="tests.test_digest_assembler.TestAssembleDigest" name="test_multiple_articles" time="0.001" /><testcase classname="tests.test_digest_assembler.TestAssembleDigest" name="test_feeds_scanned_in_header" time="0.001" /><testcase classname="tests.test_digest_assembler.TestAssembleDigest" name="test_categories_in_header" time="0.001" /><testcase classname="tests.test_director_briefing.TestGenerateBriefing" name="test_returns_briefing_on_success" time="0.001" /><testcase classname="tests.test_director_briefing.TestGenerateBriefing" name="test_fallback_on_no_content" time="0.000" /><testcase classname="tests.test_director_briefing.TestGenerateBriefing" name="test_fallback_on_llm_error" time="0.001" /><testcase classname="tests.test_director_briefing.TestGenerateBriefing" name="test_uses_full_text_when_available" time="0.001" /><testcase classname="tests.test_feeds.TestGetFeeds" name="test_all_feeds" time="0.000" /><testcase classname="tests.test_feeds.TestGetFeeds" name="test_category_filter" time="0.000" /><testcase classname="tests.test_feeds.TestGetFeeds" name="test_none_returns_all" time="0.000" /><testcase classname="tests.test_feeds.TestParseRssItems" name="test_parse_rss" time="0.001" /><testcase classname="tests.test_feeds.TestParseRssItems" name="test_parse_atom" time="0.001" /><testcase classname="tests.test_feeds.TestParseRssItems" name="test_no_guid_falls_back_to_url" time="0.001" /><testcase classname="tests.test_feeds.TestParseRssItems" name="test_empty_items_filtered" time="0.003" /><testcase classname="tests.test_feeds.TestFetchFeed" name="test_returns_none_on_network_error" time="0.001" /><testcase classname="tests.test_feeds.TestFetchFeed" name="test_returns_none_on_bad_xml" time="0.001" /><testcase classname="tests.test_hkma_filter.TestIsHkmaItem" name="test_hkma_feed" time="0.000" /><testcase classname="tests.test_hkma_filter.TestIsHkmaItem" name="test_non_hkma_feed" time="0.000" /><testcase classname="tests.test_hkma_filter.TestFilterArticle" name="test_non_hkma_auto_passed" time="0.001" /><testcase classname="tests.test_hkma_filter.TestFilterArticle" name="test_hkma_kept" time="0.001" /><testcase classname="tests.test_hkma_filter.TestFilterArticle" name="test_hkma_filtered_out" time="0.001" /><testcase classname="tests.test_hkma_filter.TestFilterArticle" name="test_hkma_no_content" time="0.000" /><testcase classname="tests.test_hkma_filter.TestFilterArticle" name="test_llm_error_defaults_to_keep" time="0.001" /><testcase classname="tests.test_hkma_filter.TestFilterAll" name="test_mixed_feeds" time="0.001" /><testcase classname="tests.test_integration.TestFullPipeline" name="test_dry_run_skips_llm_and_jina" time="0.017" /><testcase classname="tests.test_integration.TestFullPipeline" name="test_full_pipeline_two_runs_baseline_then_deliver" time="0.016" /><testcase classname="tests.test_integration.TestFullPipeline" name="test_silent_on_no_new_items" time="0.014" /><testcase classname="tests.test_integration.TestFeedCategoryFilter" name="test_invalid_category_prints_error" time="0.001" /><testcase classname="tests.test_jina_fetcher.TestFetchFullText" name="test_returns_full_text_on_success" time="0.002" /><testcase classname="tests.test_jina_fetcher.TestFetchFullText" name="test_fallback_on_jina_warning" time="0.001" /><testcase classname="tests.test_jina_fetcher.TestFetchFullText" name="test_fallback_on_short_response" time="0.002" /><testcase classname="tests.test_jina_fetcher.TestFetchFullText" name="test_fallback_on_network_error" time="0.001" /><testcase classname="tests.test_jina_fetcher.TestFetchFullText" name="test_empty_url_returns_summary" time="0.000" /><testcase classname="tests.test_jina_fetcher.TestFetchFullText" name="test_article_enriched" time="0.001" /><testcase classname="tests.test_summarizer.TestSummarizeArticle" name="test_returns_bullets_on_success" time="0.001" /><testcase classname="tests.test_summarizer.TestSummarizeArticle" name="test_fallback_on_no_content" time="0.001" /><testcase classname="tests.test_summarizer.TestSummarizeArticle" name="test_fallback_on_llm_error" time="0.001" /><testcase classname="tests.test_summarizer.TestSummarizeArticle" name="test_uses_full_text_over_summary" time="0.001" /><testcase classname="tests.test_types.TestFeedConfig" name="test_all_feeds_loaded" time="0.000" /><testcase classname="tests.test_types.TestFeedConfig" name="test_all_categories_represented" time="0.000" /><testcase classname="tests.test_types.TestFeedConfig" name="test_category_weights" time="0.000" /><testcase classname="tests.test_types.TestArticle" name="test_default_values" time="0.000" /><testcase classname="tests.test_watermark.TestWatermarkStore" name="test_first_run_returns_nothing" time="0.001" /><testcase classname="tests.test_watermark.TestWatermarkStore" name="test_second_run_returns_only_new" time="0.002" /><testcase classname="tests.test_watermark.TestWatermarkStore" name="test_duplicate_urls_in_same_batch" time="0.001" /><testcase classname="tests.test_watermark.TestWatermarkStore" name="test_multiple_feeds_independent" time="0.001" /><testcase classname="tests.test_watermark.TestWatermarkStore" name="test_max_seen_bounded" time="0.001" /></testsuite></testsuites>